******************************************************************************
                  TI ARM Linker Unix v16.9.6                   
******************************************************************************
>> Linked Tue Jul  9 16:32:15 2019

OUTPUT FILE NAME:   <293B_Final_Project.out>
ENTRY POINT SYMBOL: "_c_int00"  address: 00000c99


MEMORY CONFIGURATION

         name            origin    length      used     unused   attr    fill
----------------------  --------  ---------  --------  --------  ----  --------
  FLASH                 00000000   00100000  000012e0  000fed20  R  X
  SRAM                  20000000   00040000  0000048c  0003fb74  RW X


SEGMENT ALLOCATION MAP

run origin  load origin   length   init length attrs members
----------  ----------- ---------- ----------- ----- -------
00000000    00000000    000012e0   000012e0    r-x
  00000000    00000000    00000208   00000208    r-- .intvecs
  00000208    00000208    00000e10   00000e10    r-x .text
  00001018    00001018    00000290   00000290    r-- .const
  000012a8    000012a8    00000038   00000038    r-- .cinit
20000000    20000000    0000048c   00000000    rw-
  20000000    20000000    0000026c   00000000    rw- .vtable
  2000026c    2000026c    00000200   00000000    rw- .stack
  2000046c    2000046c    00000020   00000000    rw- .data


SECTION ALLOCATION MAP

 output                                  attributes/
section   page    origin      length       input sections
--------  ----  ----------  ----------   ----------------
.intvecs   0    00000000    00000208     
                  00000000    00000208     tm4c129cncpdt_startup_ccs.obj (.intvecs)

.text      0    00000208    00000e10     
                  00000208    00000558     main.obj (.text)
                  00000760    00000130     driverlib.lib : gpio.obj (.text:GPIOPadConfigSet)
                  00000890    00000104                   : sysctl.obj (.text:SysCtlClockSet)
                  00000994    0000009c     rtsv7M4_T_le_v4SPD16_eabi.lib : memcpy_t2.obj (.text)
                  00000a30    0000007a                                   : memset_t2.obj (.text)
                  00000aaa    00000002                                   : mpu_init.obj (.text)
                  00000aac    00000070                                   : autoinit.obj (.text)
                  00000b1c    00000068                                   : copy_decompress_lzss.obj (.text:decompress:lzss)
                  00000b84    00000060     driverlib.lib : interrupt.obj (.text:IntEnable)
                  00000be4    0000005c                   : timer.obj (.text:TimerConfigure)
                  00000c40    00000056                   : gpio.obj (.text:GPIOIntTypeSet)
                  00000c96    00000002     rtsv7M4_T_le_v4SPD16_eabi.lib : startup.obj (.text)
                  00000c98    00000054                                   : boot.obj (.text)
                  00000cec    00000054                                   : exit.obj (.text)
                  00000d40    0000004c     driverlib.lib : timer.obj (.text:_TimerIntNumberGet)
                  00000d8c    0000004c     rtsv7M4_T_le_v4SPD16_eabi.lib : cpy_tbl.obj (.text)
                  00000dd8    00000040     driverlib.lib : gpio.obj (.text:_GPIOIntNumberGet)
                  00000e18    00000034                   : interrupt.obj (.text:IntRegister)
                  00000e4c    00000034                   : sysctl.obj (.text:SysCtlPeripheralEnable)
                  00000e80    00000034                   : sysctl.obj (.text:SysCtlPeripheralReady)
                  00000eb4    0000002a                   : gpio.obj (.text:GPIODirModeSet)
                  00000ede    00000018                   : gpio.obj (.text:GPIOIntRegister)
                  00000ef6    00000018                   : gpio.obj (.text:GPIOPinTypeGPIOOutput)
                  00000f0e    00000018                   : timer.obj (.text:TimerIntRegister)
                  00000f26    00000002     --HOLE-- [fill = 0]
                  00000f28    00000018     rtsv7M4_T_le_v4SPD16_eabi.lib : args_main.obj (.text)
                  00000f40    00000014                                   : _lock.obj (.text)
                  00000f54    00000012     driverlib.lib : gpio.obj (.text:GPIOPinTypeGPIOInput)
                  00000f66    00000012                   : timer.obj (.text:TimerLoadSet)
                  00000f78    0000000e                   : gpio.obj (.text:GPIOIntDisable)
                  00000f86    0000000e                   : timer.obj (.text:TimerEnable)
                  00000f94    0000000e     rtsv7M4_T_le_v4SPD16_eabi.lib : copy_decompress_none.obj (.text:decompress:none)
                  00000fa2    0000000c     driverlib.lib : cpu.obj (.text:CPUcpsie)
                  00000fae    0000000c                   : gpio.obj (.text:GPIOIntEnable)
                  00000fba    0000000c     rtsv7M4_T_le_v4SPD16_eabi.lib : copy_zero_init.obj (.text:decompress:ZI)
                  00000fc6    0000000c     tm4c129cncpdt_startup_ccs.obj (.text)
                  00000fd2    0000000a     driverlib.lib : interrupt.obj (.text:IntMasterEnable)
                  00000fdc    0000000a                   : timer.obj (.text:TimerIntDisable)
                  00000fe6    0000000a                   : timer.obj (.text:TimerIntStatus)
                  00000ff0    00000008                   : timer.obj (.text:TimerIntEnable)
                  00000ff8    00000006                   : gpio.obj (.text:GPIOIntClear)
                  00000ffe    00000006                   : gpio.obj (.text:GPIOPinRead)
                  00001004    00000006                   : gpio.obj (.text:GPIOPinWrite)
                  0000100a    00000006                   : sysctl.obj (.text:SysCtlDelay)
                  00001010    00000004                   : timer.obj (.text:TimerIntClear)
                  00001014    00000004     rtsv7M4_T_le_v4SPD16_eabi.lib : pre_init.obj (.text)

.const     0    00001018    00000290     
                  00001018    000000c0     driverlib.lib : gpio.obj (.const:g_ppui32GPIOIntMapBlizzard)
                  000010d8    000000c0                   : gpio.obj (.const:g_ppui32GPIOIntMapSnowflake)
                  00001198    00000070                   : interrupt.obj (.const)
                  00001208    00000060                   : timer.obj (.const:g_ppui32TimerIntMap)
                  00001268    00000040                   : timer.obj (.const:g_ppui32TimerIntMapSnowflake)

.cinit     0    000012a8    00000038     
                  000012a8    00000011     (.cinit..data.load) [load image, compression = lzss]
                  000012b9    00000003     --HOLE-- [fill = 0]
                  000012bc    0000000c     (__TI_handler_table)
                  000012c8    00000008     (.cinit..vtable.load) [load image, compression = zero_init]
                  000012d0    00000010     (__TI_cinit_table)

.init_array 
*          0    00000000    00000000     UNINITIALIZED

.vtable    0    20000000    0000026c     UNINITIALIZED
                  20000000    0000026c     driverlib.lib : interrupt.obj (.vtable)

.data      0    2000046c    00000020     UNINITIALIZED
                  2000046c    0000000c     rtsv7M4_T_le_v4SPD16_eabi.lib : exit.obj (.data:$O1$$)
                  20000478    00000008                                   : _lock.obj (.data:$O1$$)
                  20000480    00000008     main.obj (.data)
                  20000488    00000004     rtsv7M4_T_le_v4SPD16_eabi.lib : stkdepth_vars.obj (.data)

.stack     0    2000026c    00000200     UNINITIALIZED
                  2000026c    00000200     --HOLE--

MODULE SUMMARY

       Module                          code   ro data   rw data
       ------                          ----   -------   -------
    ./
       main.obj                        1368   0         8      
       tm4c129cncpdt_startup_ccs.obj   12     520       0      
    +--+-------------------------------+------+---------+---------+
       Total:                          1380   520       8      
                                                               
    /Applications/ti/ccsv7/tools/compiler/ti-cgt-arm_16.9.6.LTS/lib/rtsv7M4_T_le_v4SPD16_eabi.lib
       memcpy_t2.obj                   156    0         0      
       memset_t2.obj                   122    0         0      
       autoinit.obj                    112    0         0      
       copy_decompress_lzss.obj        104    0         0      
       exit.obj                        84     0         12     
       boot.obj                        84     0         0      
       cpy_tbl.obj                     76     0         0      
       _lock.obj                       20     0         8      
       args_main.obj                   24     0         0      
       copy_decompress_none.obj        14     0         0      
       copy_zero_init.obj              12     0         0      
       pre_init.obj                    4      0         0      
       stkdepth_vars.obj               0      0         4      
       mpu_init.obj                    2      0         0      
       startup.obj                     2      0         0      
    +--+-------------------------------+------+---------+---------+
       Total:                          816    0         24     
                                                               
    /Users/zabuelhaj/TivaWare/driverlib/ccs/Debug/driverlib.lib
       gpio.obj                        606    384       0      
       interrupt.obj                   158    112       620    
       timer.obj                       256    160       0      
       sysctl.obj                      370    0         0      
       cpu.obj                         12     0         0      
    +--+-------------------------------+------+---------+---------+
       Total:                          1402   656       620    
                                                               
       Stack:                          0      0         512    
       Linker Generated:               0      53        0      
    +--+-------------------------------+------+---------+---------+
       Grand Total:                    3598   1229      1164   


LINKER GENERATED COPY TABLES

__TI_cinit_table @ 000012d0 records: 2, size/record: 8, table size: 16
	.data: load addr=000012a8, load size=00000011 bytes, run addr=2000046c, run size=00000020 bytes, compression=lzss
	.vtable: load addr=000012c8, load size=00000008 bytes, run addr=20000000, run size=0000026c bytes, compression=zero_init


LINKER GENERATED HANDLER TABLE

__TI_handler_table @ 000012bc records: 3, size/record: 4, table size: 12
	index: 0, handler: __TI_zero_init
	index: 1, handler: __TI_decompress_lzss
	index: 2, handler: __TI_decompress_none


GLOBAL SYMBOLS: SORTED ALPHABETICALLY BY Name 

address   name                           
-------   ----                           
00000ced  C$$EXIT                        
00000fa3  CPUcpsie                       
00000eb5  GPIODirModeSet                 
00000ff9  GPIOIntClear                   
00000f79  GPIOIntDisable                 
00000faf  GPIOIntEnable                  
00000edf  GPIOIntRegister                
00000c41  GPIOIntTypeSet                 
00000761  GPIOPadConfigSet               
00000fff  GPIOPinRead                    
00000f55  GPIOPinTypeGPIOInput           
00000ef7  GPIOPinTypeGPIOOutput          
00001005  GPIOPinWrite                   
00000b85  IntEnable                      
00000fd3  IntMasterEnable                
00000e19  IntRegister                    
00000fc7  ResetISR                       
UNDEFED   SHT$$INIT_ARRAY$$Base          
UNDEFED   SHT$$INIT_ARRAY$$Limit         
00000891  SysCtlClockSet                 
0000100b  SysCtlDelay                    
00000e4d  SysCtlPeripheralEnable         
00000e81  SysCtlPeripheralReady          
00000209  SysTickInt                     
0000022b  TimerBegin                     
00000be5  TimerConfigure                 
00000f87  TimerEnable                    
00001011  TimerIntClear                  
00000fdd  TimerIntDisable                
00000ff1  TimerIntEnable                 
00000f0f  TimerIntRegister               
00000fe7  TimerIntStatus                 
00000f67  TimerLoadSet                   
0000026d  Wait                           
2000046c  __STACK_END                    
00000200  __STACK_SIZE                   
2000046c  __STACK_TOP                    
000012d0  __TI_CINIT_Base                
000012e0  __TI_CINIT_Limit               
000012bc  __TI_Handler_Table_Base        
000012c8  __TI_Handler_Table_Limit       
00000aad  __TI_auto_init                 
2000046c  __TI_cleanup_ptr               
00000b1d  __TI_decompress_lzss           
00000f95  __TI_decompress_none           
20000470  __TI_dtors_ptr                 
20000474  __TI_enable_exit_profile_output
ffffffff  __TI_pprof_out_hndl            
ffffffff  __TI_prof_data_size            
ffffffff  __TI_prof_data_start           
00000000  __TI_static_base__             
00000fbb  __TI_zero_init                 
00000a31  __aeabi_memclr                 
00000a31  __aeabi_memclr4                
00000a31  __aeabi_memclr8                
00000995  __aeabi_memcpy                 
00000995  __aeabi_memcpy4                
00000995  __aeabi_memcpy8                
00000a33  __aeabi_memset                 
00000a33  __aeabi_memset4                
00000a33  __aeabi_memset8                
ffffffff  __binit__                      
ffffffff  __c_args__                     
00000aab  __mpu_init                     
2000026c  __stack                        
00000f29  _args_main                     
00000c99  _c_int00                       
20000478  _lock                          
00000f4f  _nop                           
00000f47  _register_lock                 
00000f41  _register_unlock               
00000c97  _system_post_cinit             
00001015  _system_pre_init               
2000047c  _unlock                        
00000cf1  abort                          
ffffffff  binit                          
000002e9  button_pressed                 
00000d8d  copy_in                        
00000cf9  exit                           
20000000  g_pfnRAMVectors                
00000000  g_pfnVectors                   
000003af  initInterruptGPIO              
000002cb  initInterruptTimer             
000002bf  intHandlerTimer0A              
00000475  main                           
20000488  main_func_sp                   
00000995  memcpy                         
00000a39  memset                         
20000484  millis                         
0000028b  process_check                  
00000405  processes_init                 
20000480  sw_flag                        


GLOBAL SYMBOLS: SORTED BY Symbol Address 

address   name                           
-------   ----                           
00000000  __TI_static_base__             
00000000  g_pfnVectors                   
00000200  __STACK_SIZE                   
00000209  SysTickInt                     
0000022b  TimerBegin                     
0000026d  Wait                           
0000028b  process_check                  
000002bf  intHandlerTimer0A              
000002cb  initInterruptTimer             
000002e9  button_pressed                 
000003af  initInterruptGPIO              
00000405  processes_init                 
00000475  main                           
00000761  GPIOPadConfigSet               
00000891  SysCtlClockSet                 
00000995  __aeabi_memcpy                 
00000995  __aeabi_memcpy4                
00000995  __aeabi_memcpy8                
00000995  memcpy                         
00000a31  __aeabi_memclr                 
00000a31  __aeabi_memclr4                
00000a31  __aeabi_memclr8                
00000a33  __aeabi_memset                 
00000a33  __aeabi_memset4                
00000a33  __aeabi_memset8                
00000a39  memset                         
00000aab  __mpu_init                     
00000aad  __TI_auto_init                 
00000b1d  __TI_decompress_lzss           
00000b85  IntEnable                      
00000be5  TimerConfigure                 
00000c41  GPIOIntTypeSet                 
00000c97  _system_post_cinit             
00000c99  _c_int00                       
00000ced  C$$EXIT                        
00000cf1  abort                          
00000cf9  exit                           
00000d8d  copy_in                        
00000e19  IntRegister                    
00000e4d  SysCtlPeripheralEnable         
00000e81  SysCtlPeripheralReady          
00000eb5  GPIODirModeSet                 
00000edf  GPIOIntRegister                
00000ef7  GPIOPinTypeGPIOOutput          
00000f0f  TimerIntRegister               
00000f29  _args_main                     
00000f41  _register_unlock               
00000f47  _register_lock                 
00000f4f  _nop                           
00000f55  GPIOPinTypeGPIOInput           
00000f67  TimerLoadSet                   
00000f79  GPIOIntDisable                 
00000f87  TimerEnable                    
00000f95  __TI_decompress_none           
00000fa3  CPUcpsie                       
00000faf  GPIOIntEnable                  
00000fbb  __TI_zero_init                 
00000fc7  ResetISR                       
00000fd3  IntMasterEnable                
00000fdd  TimerIntDisable                
00000fe7  TimerIntStatus                 
00000ff1  TimerIntEnable                 
00000ff9  GPIOIntClear                   
00000fff  GPIOPinRead                    
00001005  GPIOPinWrite                   
0000100b  SysCtlDelay                    
00001011  TimerIntClear                  
00001015  _system_pre_init               
000012bc  __TI_Handler_Table_Base        
000012c8  __TI_Handler_Table_Limit       
000012d0  __TI_CINIT_Base                
000012e0  __TI_CINIT_Limit               
20000000  g_pfnRAMVectors                
2000026c  __stack                        
2000046c  __STACK_END                    
2000046c  __STACK_TOP                    
2000046c  __TI_cleanup_ptr               
20000470  __TI_dtors_ptr                 
20000474  __TI_enable_exit_profile_output
20000478  _lock                          
2000047c  _unlock                        
20000480  sw_flag                        
20000484  millis                         
20000488  main_func_sp                   
ffffffff  __TI_pprof_out_hndl            
ffffffff  __TI_prof_data_size            
ffffffff  __TI_prof_data_start           
ffffffff  __binit__                      
ffffffff  __c_args__                     
ffffffff  binit                          
UNDEFED   SHT$$INIT_ARRAY$$Base          
UNDEFED   SHT$$INIT_ARRAY$$Limit         

[92 symbols]
