******************************************************************************
                  TI ARM Linker Unix v16.9.6                   
******************************************************************************
>> Linked Wed Feb 28 23:38:00 2018

OUTPUT FILE NAME:   <293B_Homework2.out>
ENTRY POINT SYMBOL: "_c_int00"  address: 00000a8d


MEMORY CONFIGURATION

         name            origin    length      used     unused   attr    fill
----------------------  --------  ---------  --------  --------  ----  --------
  FLASH                 00000000   00100000  00000bf2  000ff40e  R  X
  SRAM                  20000000   00040000  00000220  0003fde0  RW X


SEGMENT ALLOCATION MAP

run origin  load origin   length   init length attrs members
----------  ----------- ---------- ----------- ----- -------
00000000    00000000    00000bf4   00000bf4    r-x
  00000000    00000000    00000208   00000208    r-- .intvecs
  00000208    00000208    000009c6   000009c6    r-x .text
  00000bd0    00000bd0    00000024   00000024    r-- .cinit
20000000    20000000    00000220   00000000    rw-
  20000000    20000000    00000200   00000000    rw- .stack
  20000200    20000200    00000020   00000000    rw- .data


SECTION ALLOCATION MAP

 output                                  attributes/
section   page    origin      length       input sections
--------  ----  ----------  ----------   ----------------
.intvecs   0    00000000    00000208     
                  00000000    00000208     tm4c1294ncpdt_startup_ccs.obj (.intvecs)

.text      0    00000208    000009c6     
                  00000208    000004b0     main.obj (.text)
                  000006b8    000000e0     Embedded_Periph.lib : osc.obj (.text)
                  00000798    000000cc                         : timer0A.obj (.text)
                  00000864    000000b4                         : systick.obj (.text)
                  00000918    0000009c     rtsv7M4_T_le_v4SPD16_eabi.lib : memcpy_t2.obj (.text)
                  000009b4    00000070                                   : autoinit.obj (.text)
                  00000a24    00000068                                   : copy_decompress_lzss.obj (.text:decompress:lzss)
                  00000a8c    00000054                                   : boot.obj (.text)
                  00000ae0    00000054                                   : exit.obj (.text)
                  00000b34    0000004c                                   : cpy_tbl.obj (.text)
                  00000b80    00000018                                   : args_main.obj (.text)
                  00000b98    00000014                                   : _lock.obj (.text)
                  00000bac    0000000e                                   : copy_decompress_none.obj (.text:decompress:none)
                  00000bba    0000000c     tm4c1294ncpdt_startup_ccs.obj (.text)
                  00000bc6    00000004     rtsv7M4_T_le_v4SPD16_eabi.lib : pre_init.obj (.text)
                  00000bca    00000002                                   : mpu_init.obj (.text)
                  00000bcc    00000002                                   : startup.obj (.text)

.cinit     0    00000bd0    00000024     
                  00000bd0    00000013     (.cinit..data.load) [load image, compression = lzss]
                  00000be3    00000001     --HOLE-- [fill = 0]
                  00000be4    00000008     (__TI_handler_table)
                  00000bec    00000008     (__TI_cinit_table)

.init_array 
*          0    00000000    00000000     UNINITIALIZED

.data      0    20000200    00000020     UNINITIALIZED
                  20000200    0000000c     rtsv7M4_T_le_v4SPD16_eabi.lib : exit.obj (.data:$O1$$)
                  2000020c    00000008                                   : _lock.obj (.data:$O1$$)
                  20000214    00000005     main.obj (.data)
                  20000219    00000003     --HOLE--
                  2000021c    00000004     rtsv7M4_T_le_v4SPD16_eabi.lib : stkdepth_vars.obj (.data)

.stack     0    20000000    00000200     UNINITIALIZED
                  20000000    00000200     --HOLE--

MODULE SUMMARY

       Module                          code   ro data   rw data
       ------                          ----   -------   -------
    ./
       main.obj                        1200   0         5      
       tm4c1294ncpdt_startup_ccs.obj   12     520       0      
    +--+-------------------------------+------+---------+---------+
       Total:                          1212   520       5      
                                                               
    /Applications/ti/ccsv7/tools/compiler/ti-cgt-arm_16.9.6.LTS/lib/rtsv7M4_T_le_v4SPD16_eabi.lib
       memcpy_t2.obj                   156    0         0      
       autoinit.obj                    112    0         0      
       copy_decompress_lzss.obj        104    0         0      
       exit.obj                        84     0         12     
       boot.obj                        84     0         0      
       cpy_tbl.obj                     76     0         0      
       _lock.obj                       20     0         8      
       args_main.obj                   24     0         0      
       copy_decompress_none.obj        14     0         0      
       pre_init.obj                    4      0         0      
       stkdepth_vars.obj               0      0         4      
       mpu_init.obj                    2      0         0      
       startup.obj                     2      0         0      
    +--+-------------------------------+------+---------+---------+
       Total:                          682    0         24     
                                                               
    /Users/zabuelhaj/workspace_v7/Embedded_Periph/Debug/Embedded_Periph.lib
       osc.obj                         224    0         0      
       timer0A.obj                     204    0         0      
       systick.obj                     180    0         0      
    +--+-------------------------------+------+---------+---------+
       Total:                          608    0         0      
                                                               
       Stack:                          0      0         512    
       Linker Generated:               0      35        0      
    +--+-------------------------------+------+---------+---------+
       Grand Total:                    2502   555       541    


LINKER GENERATED COPY TABLES

__TI_cinit_table @ 00000bec records: 1, size/record: 8, table size: 8
	.data: load addr=00000bd0, load size=00000013 bytes, run addr=20000200, run size=00000020 bytes, compression=lzss


LINKER GENERATED HANDLER TABLE

__TI_handler_table @ 00000be4 records: 2, size/record: 4, table size: 8
	index: 0, handler: __TI_decompress_lzss
	index: 1, handler: __TI_decompress_none


GLOBAL SYMBOLS: SORTED ALPHABETICALLY BY Name 

address   name                           
-------   ----                           
20000218  A                              
00000ae1  C$$EXIT                        
00000bbb  ResetISR                       
UNDEFED   SHT$$INIT_ARRAY$$Base          
UNDEFED   SHT$$INIT_ARRAY$$Limit         
20000200  __STACK_END                    
00000200  __STACK_SIZE                   
20000200  __STACK_TOP                    
00000bec  __TI_CINIT_Base                
00000bf4  __TI_CINIT_Limit               
00000be4  __TI_Handler_Table_Base        
00000bec  __TI_Handler_Table_Limit       
000009b5  __TI_auto_init                 
20000200  __TI_cleanup_ptr               
00000a25  __TI_decompress_lzss           
00000bad  __TI_decompress_none           
20000204  __TI_dtors_ptr                 
20000208  __TI_enable_exit_profile_output
ffffffff  __TI_pprof_out_hndl            
ffffffff  __TI_prof_data_size            
ffffffff  __TI_prof_data_start           
00000000  __TI_static_base__             
00000919  __aeabi_memcpy                 
00000919  __aeabi_memcpy4                
00000919  __aeabi_memcpy8                
ffffffff  __binit__                      
ffffffff  __c_args__                     
00000bcb  __mpu_init                     
20000000  __stack                        
00000b81  _args_main                     
00000a8d  _c_int00                       
2000020c  _lock                          
00000ba7  _nop                           
00000b9f  _register_lock                 
00000b99  _register_unlock               
00000bcd  _system_post_cinit             
00000bc7  _system_pre_init               
20000210  _unlock                        
00000ae5  abort                          
20000214  amb_enter_avenue               
000005fd  amb_enter_road                 
20000215  amb_enter_street               
20000216  amb_exit                       
ffffffff  binit                          
0000062d  button_pressed                 
20000217  change_lights                  
00000811  clearTimer0A                   
00000865  configSysTick                  
00000b35  copy_in                        
000008bd  enableSysTick                  
00000819  enableTimer0A                  
00000aed  exit                           
00000000  g_pfnVectors                   
000006b9  initOsc                        
00000799  initTimer0A                    
00000209  main                           
2000021c  main_func_sp                   
00000919  memcpy                         
0000089b  setReload                      
000007f1  setTimer0ARate                 
000008e5  sysTickBusy                    
000005cd  turn_green                     
0000058d  turn_red                       


GLOBAL SYMBOLS: SORTED BY Symbol Address 

address   name                           
-------   ----                           
00000000  __TI_static_base__             
00000000  g_pfnVectors                   
00000200  __STACK_SIZE                   
00000209  main                           
0000058d  turn_red                       
000005cd  turn_green                     
000005fd  amb_enter_road                 
0000062d  button_pressed                 
000006b9  initOsc                        
00000799  initTimer0A                    
000007f1  setTimer0ARate                 
00000811  clearTimer0A                   
00000819  enableTimer0A                  
00000865  configSysTick                  
0000089b  setReload                      
000008bd  enableSysTick                  
000008e5  sysTickBusy                    
00000919  __aeabi_memcpy                 
00000919  __aeabi_memcpy4                
00000919  __aeabi_memcpy8                
00000919  memcpy                         
000009b5  __TI_auto_init                 
00000a25  __TI_decompress_lzss           
00000a8d  _c_int00                       
00000ae1  C$$EXIT                        
00000ae5  abort                          
00000aed  exit                           
00000b35  copy_in                        
00000b81  _args_main                     
00000b99  _register_unlock               
00000b9f  _register_lock                 
00000ba7  _nop                           
00000bad  __TI_decompress_none           
00000bbb  ResetISR                       
00000bc7  _system_pre_init               
00000bcb  __mpu_init                     
00000bcd  _system_post_cinit             
00000be4  __TI_Handler_Table_Base        
00000bec  __TI_CINIT_Base                
00000bec  __TI_Handler_Table_Limit       
00000bf4  __TI_CINIT_Limit               
20000000  __stack                        
20000200  __STACK_END                    
20000200  __STACK_TOP                    
20000200  __TI_cleanup_ptr               
20000204  __TI_dtors_ptr                 
20000208  __TI_enable_exit_profile_output
2000020c  _lock                          
20000210  _unlock                        
20000214  amb_enter_avenue               
20000215  amb_enter_street               
20000216  amb_exit                       
20000217  change_lights                  
20000218  A                              
2000021c  main_func_sp                   
ffffffff  __TI_pprof_out_hndl            
ffffffff  __TI_prof_data_size            
ffffffff  __TI_prof_data_start           
ffffffff  __binit__                      
ffffffff  __c_args__                     
ffffffff  binit                          
UNDEFED   SHT$$INIT_ARRAY$$Base          
UNDEFED   SHT$$INIT_ARRAY$$Limit         

[63 symbols]
